{
    "Should run with bowtie2 (default)": {
        "content": [
            132
        ],
        "meta": {
            "nf-test": "0.8.4",
            "nextflow": "24.04.3"
        },
        "timestamp": "2024-07-20T11:38:39.368341091"
    }
}