{
    "Should run with gzipped gtf": {
        "content": [
            98
        ],
        "meta": {
            "nf-test": "0.9.2",
            "nextflow": "24.10.1"
        },
        "timestamp": "2024-11-25T21:02:16.647189"
    },
    "Should run with defaults": {
        "content": [
            97,
            {
                "BBMAP_PILEUP": {
                    "bbmap": 39.01,
                    "samtools": "1.16.1",
                    "pigz": 2.6
                },
                "BEDTOOLS_GENOMECOV_MINUS": {
                    "bedtools": "2.31.1"
                },
                "BEDTOOLS_GENOMECOV_PLUS": {
                    "bedtools": "2.31.1"
                },
                "BEDTOOLS_INTERSECT": {
                    "bedtools": "2.31.1"
                },
                "BEDTOOLS_INTERSECT_FILTER": {
                    "bedtools": "2.31.1"
                },
                "BEDTOOLS_MERGE": {
                    "bedtools": "2.31.1"
                },
                "BEDTOOLS_SORT": {
                    "bedtools": "2.31.1"
                },
                "CAT_CAT": {
                    "pigz": "2.3.4"
                },
                "CUSTOM_GETCHROMSIZES": {
                    "getchromsizes": 1.2
                },
                "DEEPTOOLS_BAMCOVERAGE_MINUS": {
                    "deeptools": "3.5.1"
                },
                "DEEPTOOLS_BAMCOVERAGE_PLUS": {
                    "deeptools": "3.5.1"
                },
                "FASTP": {
                    "fastp": "0.23.4"
                },
                "FASTQC": {
                    "fastqc": "0.12.1"
                },
                "GTF2BED": {
                    "perl": "5.26.2"
                },
                "HOMER_MAKETAGDIRECTORY": {
                    "homer": 4.11,
                    "samtools": 1.21
                },
                "PINTS_CALLER": {
                    "python": "3.12.6",
                    "pints": "1.1.13"
                },
                "PRESEQ_CCURVE": {
                    "preseq": "3.1.1"
                },
                "PRESEQ_LCEXTRAP": {
                    "preseq": "3.1.1"
                },
                "RSEQC_INFEREXPERIMENT": {
                    "rseqc": "5.0.2"
                },
                "RSEQC_READDISTRIBUTION": {
                    "rseqc": "5.0.2"
                },
                "RSEQC_READDUPLICATION": {
                    "rseqc": "5.0.2"
                },
                "SAMTOOLS_MERGE": {
                    "samtools": 1.21
                },
                "SUBREAD_FEATURECOUNTS_GENE": {
                    "subread": "2.0.1"
                },
                "SUBREAD_FEATURECOUNTS_PREDICTED": {
                    "subread": "2.0.1"
                },
                "Workflow": {
                    "nf-core/nascent": "v2.3.0dev"
                }
            },
            [
                "bed2saf",
                "bed2saf/cd4_intersect.saf",
                "cat",
                "cat/cd4.bed",
                "cat/jurkat.bed",
                "coverage_graphs",
                "coverage_graphs/cd4_REP1.dreg.bedGraph",
                "coverage_graphs/cd4_REP1.minus.bedGraph",
                "coverage_graphs/cd4_REP1.minus.bigWig",
                "coverage_graphs/cd4_REP1.plus.bedGraph",
                "coverage_graphs/cd4_REP1.plus.bigWig",
                "coverage_graphs/cd4_REP2.dreg.bedGraph",
                "coverage_graphs/cd4_REP2.minus.bedGraph",
                "coverage_graphs/cd4_REP2.minus.bigWig",
                "coverage_graphs/cd4_REP2.plus.bedGraph",
                "coverage_graphs/cd4_REP2.plus.bigWig",
                "coverage_graphs/jurkat.dreg.bedGraph",
                "coverage_graphs/jurkat.minus.bedGraph",
                "coverage_graphs/jurkat.minus.bigWig",
                "coverage_graphs/jurkat.plus.bedGraph",
                "coverage_graphs/jurkat.plus.bigWig",
                "multiqc",
                "multiqc/multiqc_data",
                "multiqc/multiqc_data/fastqc-status-check-heatmap.txt",
                "multiqc/multiqc_data/fastqc_adapter_content_plot.txt",
                "multiqc/multiqc_data/fastqc_overrepresented_sequences_plot.txt",
                "multiqc/multiqc_data/fastqc_per_base_n_content_plot.txt",
                "multiqc/multiqc_data/fastqc_per_base_sequence_quality_plot.txt",
                "multiqc/multiqc_data/fastqc_per_sequence_gc_content_plot_Counts.txt",
                "multiqc/multiqc_data/fastqc_per_sequence_gc_content_plot_Percentages.txt",
                "multiqc/multiqc_data/fastqc_per_sequence_quality_scores_plot.txt",
                "multiqc/multiqc_data/fastqc_sequence_counts_plot.txt",
                "multiqc/multiqc_data/fastqc_sequence_duplication_levels_plot.txt",
                "multiqc/multiqc_data/fastqc_top_overrepresented_sequences_table.txt",
                "multiqc/multiqc_data/homer-tag-directory-gc-content.txt",
                "multiqc/multiqc_data/homer-tag-info-dist.txt",
                "multiqc/multiqc_data/homer-tag-length-dist.txt",
                "multiqc/multiqc_data/homer_tagdir.txt",
                "multiqc/multiqc_data/multiqc.log",
                "multiqc/multiqc_data/multiqc_citations.txt",
                "multiqc/multiqc_data/multiqc_data.json",
                "multiqc/multiqc_data/multiqc_fastqc.txt",
                "multiqc/multiqc_data/multiqc_general_stats.txt",
                "multiqc/multiqc_data/multiqc_rseqc_infer_experiment.txt",
                "multiqc/multiqc_data/multiqc_rseqc_read_distribution.txt",
                "multiqc/multiqc_data/multiqc_samtools_flagstat.txt",
                "multiqc/multiqc_data/multiqc_samtools_idxstats.txt",
                "multiqc/multiqc_data/multiqc_samtools_stats.txt",
                "multiqc/multiqc_data/multiqc_software_versions.txt",
                "multiqc/multiqc_data/multiqc_sources.txt",
                "multiqc/multiqc_data/preseq.txt",
                "multiqc/multiqc_data/preseq_complexity_plot_molecules.txt",
                "multiqc/multiqc_data/rseqc_infer_experiment_plot.txt",
                "multiqc/multiqc_data/rseqc_read_distribution_plot.txt",
                "multiqc/multiqc_data/rseqc_read_dups.txt",
                "multiqc/multiqc_data/rseqc_read_dups_plot.txt",
                "multiqc/multiqc_data/samtools-flagstat-dp_Percentage_of_total.txt",
                "multiqc/multiqc_data/samtools-flagstat-dp_Read_counts.txt",
                "multiqc/multiqc_data/samtools-idxstats-mapped-reads-plot_Normalised_Counts.txt",
                "multiqc/multiqc_data/samtools-idxstats-mapped-reads-plot_Observed_over_Expected_Counts.txt",
                "multiqc/multiqc_data/samtools-idxstats-mapped-reads-plot_Raw_Counts.txt",
                "multiqc/multiqc_data/samtools-stats-dp.txt",
                "multiqc/multiqc_data/samtools_alignment_plot.txt",
                "multiqc/multiqc_plots",
                "multiqc/multiqc_plots/pdf",
                "multiqc/multiqc_plots/pdf/fastqc-status-check-heatmap.pdf",
                "multiqc/multiqc_plots/pdf/fastqc_adapter_content_plot.pdf",
                "multiqc/multiqc_plots/pdf/fastqc_overrepresented_sequences_plot.pdf",
                "multiqc/multiqc_plots/pdf/fastqc_per_base_n_content_plot.pdf",
                "multiqc/multiqc_plots/pdf/fastqc_per_base_sequence_quality_plot.pdf",
                "multiqc/multiqc_plots/pdf/fastqc_per_sequence_gc_content_plot_Counts.pdf",
                "multiqc/multiqc_plots/pdf/fastqc_per_sequence_gc_content_plot_Percentages.pdf",
                "multiqc/multiqc_plots/pdf/fastqc_per_sequence_quality_scores_plot.pdf",
                "multiqc/multiqc_plots/pdf/fastqc_sequence_counts_plot-cnt.pdf",
                "multiqc/multiqc_plots/pdf/fastqc_sequence_counts_plot-pct.pdf",
                "multiqc/multiqc_plots/pdf/fastqc_sequence_duplication_levels_plot.pdf",
                "multiqc/multiqc_plots/pdf/fastqc_top_overrepresented_sequences_table.pdf",
                "multiqc/multiqc_plots/pdf/general_stats_table.pdf",
                "multiqc/multiqc_plots/pdf/homer-tag-directory-gc-content.pdf",
                "multiqc/multiqc_plots/pdf/homer-tag-info-dist-cnt.pdf",
                "multiqc/multiqc_plots/pdf/homer-tag-info-dist-pct.pdf",
                "multiqc/multiqc_plots/pdf/homer-tag-length-dist.pdf",
                "multiqc/multiqc_plots/pdf/preseq_complexity_plot_molecules.pdf",
                "multiqc/multiqc_plots/pdf/rseqc_infer_experiment_plot.pdf",
                "multiqc/multiqc_plots/pdf/rseqc_read_distribution_plot-cnt.pdf",
                "multiqc/multiqc_plots/pdf/rseqc_read_distribution_plot-pct.pdf",
                "multiqc/multiqc_plots/pdf/rseqc_read_dups_plot.pdf",
                "multiqc/multiqc_plots/pdf/samtools-flagstat-dp_Percentage_of_total.pdf",
                "multiqc/multiqc_plots/pdf/samtools-flagstat-dp_Read_counts.pdf",
                "multiqc/multiqc_plots/pdf/samtools-idxstats-mapped-reads-plot_Normalised_Counts-cnt.pdf",
                "multiqc/multiqc_plots/pdf/samtools-idxstats-mapped-reads-plot_Normalised_Counts-log.pdf",
                "multiqc/multiqc_plots/pdf/samtools-idxstats-mapped-reads-plot_Observed_over_Expected_Counts-cnt.pdf",
                "multiqc/multiqc_plots/pdf/samtools-idxstats-mapped-reads-plot_Observed_over_Expected_Counts-log.pdf",
                "multiqc/multiqc_plots/pdf/samtools-idxstats-mapped-reads-plot_Raw_Counts-cnt.pdf",
                "multiqc/multiqc_plots/pdf/samtools-idxstats-mapped-reads-plot_Raw_Counts-log.pdf",
                "multiqc/multiqc_plots/pdf/samtools-stats-dp.pdf",
                "multiqc/multiqc_plots/pdf/samtools_alignment_plot-cnt.pdf",
                "multiqc/multiqc_plots/pdf/samtools_alignment_plot-pct.pdf",
                "multiqc/multiqc_plots/png",
                "multiqc/multiqc_plots/png/fastqc-status-check-heatmap.png",
                "multiqc/multiqc_plots/png/fastqc_adapter_content_plot.png",
                "multiqc/multiqc_plots/png/fastqc_overrepresented_sequences_plot.png",
                "multiqc/multiqc_plots/png/fastqc_per_base_n_content_plot.png",
                "multiqc/multiqc_plots/png/fastqc_per_base_sequence_quality_plot.png",
                "multiqc/multiqc_plots/png/fastqc_per_sequence_gc_content_plot_Counts.png",
                "multiqc/multiqc_plots/png/fastqc_per_sequence_gc_content_plot_Percentages.png",
                "multiqc/multiqc_plots/png/fastqc_per_sequence_quality_scores_plot.png",
                "multiqc/multiqc_plots/png/fastqc_sequence_counts_plot-cnt.png",
                "multiqc/multiqc_plots/png/fastqc_sequence_counts_plot-pct.png",
                "multiqc/multiqc_plots/png/fastqc_sequence_duplication_levels_plot.png",
                "multiqc/multiqc_plots/png/fastqc_top_overrepresented_sequences_table.png",
                "multiqc/multiqc_plots/png/general_stats_table.png",
                "multiqc/multiqc_plots/png/homer-tag-directory-gc-content.png",
                "multiqc/multiqc_plots/png/homer-tag-info-dist-cnt.png",
                "multiqc/multiqc_plots/png/homer-tag-info-dist-pct.png",
                "multiqc/multiqc_plots/png/homer-tag-length-dist.png",
                "multiqc/multiqc_plots/png/preseq_complexity_plot_molecules.png",
                "multiqc/multiqc_plots/png/rseqc_infer_experiment_plot.png",
                "multiqc/multiqc_plots/png/rseqc_read_distribution_plot-cnt.png",
                "multiqc/multiqc_plots/png/rseqc_read_distribution_plot-pct.png",
                "multiqc/multiqc_plots/png/rseqc_read_dups_plot.png",
                "multiqc/multiqc_plots/png/samtools-flagstat-dp_Percentage_of_total.png",
                "multiqc/multiqc_plots/png/samtools-flagstat-dp_Read_counts.png",
                "multiqc/multiqc_plots/png/samtools-idxstats-mapped-reads-plot_Normalised_Counts-cnt.png",
                "multiqc/multiqc_plots/png/samtools-idxstats-mapped-reads-plot_Normalised_Counts-log.png",
                "multiqc/multiqc_plots/png/samtools-idxstats-mapped-reads-plot_Observed_over_Expected_Counts-cnt.png",
                "multiqc/multiqc_plots/png/samtools-idxstats-mapped-reads-plot_Observed_over_Expected_Counts-log.png",
                "multiqc/multiqc_plots/png/samtools-idxstats-mapped-reads-plot_Raw_Counts-cnt.png",
                "multiqc/multiqc_plots/png/samtools-idxstats-mapped-reads-plot_Raw_Counts-log.png",
                "multiqc/multiqc_plots/png/samtools-stats-dp.png",
                "multiqc/multiqc_plots/png/samtools_alignment_plot-cnt.png",
                "multiqc/multiqc_plots/png/samtools_alignment_plot-pct.png",
                "multiqc/multiqc_plots/svg",
                "multiqc/multiqc_plots/svg/fastqc-status-check-heatmap.svg",
                "multiqc/multiqc_plots/svg/fastqc_adapter_content_plot.svg",
                "multiqc/multiqc_plots/svg/fastqc_overrepresented_sequences_plot.svg",
                "multiqc/multiqc_plots/svg/fastqc_per_base_n_content_plot.svg",
                "multiqc/multiqc_plots/svg/fastqc_per_base_sequence_quality_plot.svg",
                "multiqc/multiqc_plots/svg/fastqc_per_sequence_gc_content_plot_Counts.svg",
                "multiqc/multiqc_plots/svg/fastqc_per_sequence_gc_content_plot_Percentages.svg",
                "multiqc/multiqc_plots/svg/fastqc_per_sequence_quality_scores_plot.svg",
                "multiqc/multiqc_plots/svg/fastqc_sequence_counts_plot-cnt.svg",
                "multiqc/multiqc_plots/svg/fastqc_sequence_counts_plot-pct.svg",
                "multiqc/multiqc_plots/svg/fastqc_sequence_duplication_levels_plot.svg",
                "multiqc/multiqc_plots/svg/fastqc_top_overrepresented_sequences_table.svg",
                "multiqc/multiqc_plots/svg/general_stats_table.svg",
                "multiqc/multiqc_plots/svg/homer-tag-directory-gc-content.svg",
                "multiqc/multiqc_plots/svg/homer-tag-info-dist-cnt.svg",
                "multiqc/multiqc_plots/svg/homer-tag-info-dist-pct.svg",
                "multiqc/multiqc_plots/svg/homer-tag-length-dist.svg",
                "multiqc/multiqc_plots/svg/preseq_complexity_plot_molecules.svg",
                "multiqc/multiqc_plots/svg/rseqc_infer_experiment_plot.svg",
                "multiqc/multiqc_plots/svg/rseqc_read_distribution_plot-cnt.svg",
                "multiqc/multiqc_plots/svg/rseqc_read_distribution_plot-pct.svg",
                "multiqc/multiqc_plots/svg/rseqc_read_dups_plot.svg",
                "multiqc/multiqc_plots/svg/samtools-flagstat-dp_Percentage_of_total.svg",
                "multiqc/multiqc_plots/svg/samtools-flagstat-dp_Read_counts.svg",
                "multiqc/multiqc_plots/svg/samtools-idxstats-mapped-reads-plot_Normalised_Counts-cnt.svg",
                "multiqc/multiqc_plots/svg/samtools-idxstats-mapped-reads-plot_Normalised_Counts-log.svg",
                "multiqc/multiqc_plots/svg/samtools-idxstats-mapped-reads-plot_Observed_over_Expected_Counts-cnt.svg",
                "multiqc/multiqc_plots/svg/samtools-idxstats-mapped-reads-plot_Observed_over_Expected_Counts-log.svg",
                "multiqc/multiqc_plots/svg/samtools-idxstats-mapped-reads-plot_Raw_Counts-cnt.svg",
                "multiqc/multiqc_plots/svg/samtools-idxstats-mapped-reads-plot_Raw_Counts-log.svg",
                "multiqc/multiqc_plots/svg/samtools-stats-dp.svg",
                "multiqc/multiqc_plots/svg/samtools_alignment_plot-cnt.svg",
                "multiqc/multiqc_plots/svg/samtools_alignment_plot-pct.svg",
                "multiqc/multiqc_report.html",
                "pipeline_info",
                "pipeline_info/nf_core_pipeline_software_mqc_versions.yml",
                "preprocessing",
                "preprocessing/fastp",
                "preprocessing/fastp/cd4_REP1.trimmed.fastp.html",
                "preprocessing/fastp/cd4_REP1.trimmed.fastp.json",
                "preprocessing/fastp/cd4_REP1.trimmed.fastp.log",
                "preprocessing/fastp/cd4_REP2.trimmed.fastp.html",
                "preprocessing/fastp/cd4_REP2.trimmed.fastp.json",
                "preprocessing/fastp/cd4_REP2.trimmed.fastp.log",
                "preprocessing/fastp/jurkat.trimmed.fastp.html",
                "preprocessing/fastp/jurkat.trimmed.fastp.json",
                "preprocessing/fastp/jurkat.trimmed.fastp.log",
                "preprocessing/fastqc",
                "preprocessing/fastqc/cd4_REP1_fastqc.html",
                "preprocessing/fastqc/cd4_REP1_fastqc.zip",
                "preprocessing/fastqc/cd4_REP2_fastqc.html",
                "preprocessing/fastqc/cd4_REP2_fastqc.zip",
                "preprocessing/fastqc/jurkat_fastqc.html",
                "preprocessing/fastqc/jurkat_fastqc.zip",
                "quality_control",
                "quality_control/bbsplit",
                "quality_control/bbsplit/cd4_REP1.coverage.hist.txt",
                "quality_control/bbsplit/cd4_REP1.coverage.stats.txt",
                "quality_control/bbsplit/cd4_REP2.coverage.hist.txt",
                "quality_control/bbsplit/cd4_REP2.coverage.stats.txt",
                "quality_control/bbsplit/jurkat.coverage.hist.txt",
                "quality_control/bbsplit/jurkat.coverage.stats.txt",
                "quality_control/preseq",
                "quality_control/preseq/cd4_REP1.c_curve.txt",
                "quality_control/preseq/cd4_REP1.lc_extrap.txt",
                "quality_control/preseq/cd4_REP2.c_curve.txt",
                "quality_control/preseq/cd4_REP2.lc_extrap.txt",
                "quality_control/preseq/jurkat.c_curve.txt",
                "quality_control/preseq/jurkat.lc_extrap.txt",
                "quality_control/preseq/log",
                "quality_control/preseq/log/cd4_REP1.command.log",
                "quality_control/preseq/log/cd4_REP2.command.log",
                "quality_control/preseq/log/jurkat.command.log",
                "quality_control/rseqc",
                "quality_control/rseqc/infer_experiment",
                "quality_control/rseqc/infer_experiment/cd4_REP1.infer_experiment.txt",
                "quality_control/rseqc/infer_experiment/cd4_REP2.infer_experiment.txt",
                "quality_control/rseqc/infer_experiment/jurkat.infer_experiment.txt",
                "quality_control/rseqc/read_distribution",
                "quality_control/rseqc/read_distribution/cd4_REP1.read_distribution.txt",
                "quality_control/rseqc/read_distribution/cd4_REP2.read_distribution.txt",
                "quality_control/rseqc/read_distribution/jurkat.read_distribution.txt",
                "quality_control/rseqc/read_duplication",
                "quality_control/rseqc/read_duplication/pdf",
                "quality_control/rseqc/read_duplication/pdf/cd4_REP1.DupRate_plot.pdf",
                "quality_control/rseqc/read_duplication/pdf/cd4_REP2.DupRate_plot.pdf",
                "quality_control/rseqc/read_duplication/pdf/jurkat.DupRate_plot.pdf",
                "quality_control/rseqc/read_duplication/rscript",
                "quality_control/rseqc/read_duplication/rscript/cd4_REP1.DupRate_plot.r",
                "quality_control/rseqc/read_duplication/rscript/cd4_REP2.DupRate_plot.r",
                "quality_control/rseqc/read_duplication/rscript/jurkat.DupRate_plot.r",
                "quality_control/rseqc/read_duplication/xls",
                "quality_control/rseqc/read_duplication/xls/cd4_REP1.pos.DupRate.xls",
                "quality_control/rseqc/read_duplication/xls/cd4_REP1.seq.DupRate.xls",
                "quality_control/rseqc/read_duplication/xls/cd4_REP2.pos.DupRate.xls",
                "quality_control/rseqc/read_duplication/xls/cd4_REP2.seq.DupRate.xls",
                "quality_control/rseqc/read_duplication/xls/jurkat.pos.DupRate.xls",
                "quality_control/rseqc/read_duplication/xls/jurkat.seq.DupRate.xls",
                "quantification",
                "quantification/gene",
                "quantification/gene/cd4.featureCounts.txt",
                "quantification/gene/cd4.featureCounts.txt.summary",
                "quantification/gene/jurkat.featureCounts.txt",
                "quantification/gene/jurkat.featureCounts.txt.summary",
                "quantification/nascent",
                "quantification/nascent/cd4-group_cd4_intersect-transcripts.featureCounts.txt",
                "quantification/nascent/cd4-group_cd4_intersect-transcripts.featureCounts.txt.summary",
                "quantification/nascent/jurkat-group_cd4_intersect-transcripts.featureCounts.txt",
                "quantification/nascent/jurkat-group_cd4_intersect-transcripts.featureCounts.txt.summary",
                "samtools",
                "samtools/cd4.bam",
                "samtools/jurkat.bam",
                "samtools/jurkat.bam.bai",
                "samtools/jurkat.flagstat",
                "samtools/jurkat.idxstats",
                "samtools/jurkat.stats",
                "star",
                "star/cd4_REP1.sorted.bam",
                "star/cd4_REP1.sorted.bam.bai",
                "star/cd4_REP2.sorted.bam",
                "star/cd4_REP2.sorted.bam.bai",
                "star/jurkat.sorted.bam",
                "star/jurkat.sorted.bam.bai",
                "star/log",
                "star/log/cd4_REP1.Log.final.out",
                "star/log/cd4_REP1.Log.out",
                "star/log/cd4_REP1.Log.progress.out",
                "star/log/cd4_REP1.SJ.out.tab",
                "star/log/cd4_REP2.Log.final.out",
                "star/log/cd4_REP2.Log.out",
                "star/log/cd4_REP2.Log.progress.out",
                "star/log/cd4_REP2.SJ.out.tab",
                "star/log/jurkat.Log.final.out",
                "star/log/jurkat.Log.out",
                "star/log/jurkat.Log.progress.out",
                "star/log/jurkat.SJ.out.tab",
                "star/samtools_stats",
                "star/samtools_stats/cd4_REP1.sorted.bam.flagstat",
                "star/samtools_stats/cd4_REP1.sorted.bam.idxstats",
                "star/samtools_stats/cd4_REP1.sorted.bam.stats",
                "star/samtools_stats/cd4_REP2.sorted.bam.flagstat",
                "star/samtools_stats/cd4_REP2.sorted.bam.idxstats",
                "star/samtools_stats/cd4_REP2.sorted.bam.stats",
                "star/samtools_stats/jurkat.sorted.bam.flagstat",
                "star/samtools_stats/jurkat.sorted.bam.idxstats",
                "star/samtools_stats/jurkat.sorted.bam.stats",
                "star/star",
                "star/star/Genome",
                "star/star/Log.out",
                "star/star/SA",
                "star/star/SAindex",
                "star/star/chrLength.txt",
                "star/star/chrName.txt",
                "star/star/chrNameLength.txt",
                "star/star/chrStart.txt",
                "star/star/exonGeTrInfo.tab",
                "star/star/exonInfo.tab",
                "star/star/geneInfo.tab",
                "star/star/genomeParameters.txt",
                "star/star/sjdbInfo.txt",
                "star/star/sjdbList.fromGTF.out.tab",
                "star/star/sjdbList.out.tab",
                "star/star/transcriptInfo.tab",
                "transcript_identification",
                "transcript_identification/filtered",
                "transcript_identification/filtered/cd4_filtered.bed",
                "transcript_identification/filtered/jurkat_filtered.bed",
                "transcript_identification/homer",
                "transcript_identification/homer/cd4.bed",
                "transcript_identification/homer/cd4.bedGraph.gz",
                "transcript_identification/homer/cd4.peaks.txt",
                "transcript_identification/homer/cd4_tagdir",
                "transcript_identification/homer/cd4_tagdir/chr21.tags.tsv",
                "transcript_identification/homer/cd4_tagdir/genomeGCcontent.txt",
                "transcript_identification/homer/cd4_tagdir/tagAutocorrelation.txt",
                "transcript_identification/homer/cd4_tagdir/tagCountDistribution.txt",
                "transcript_identification/homer/cd4_tagdir/tagFreq.txt",
                "transcript_identification/homer/cd4_tagdir/tagFreqUniq.txt",
                "transcript_identification/homer/cd4_tagdir/tagGCcontent.txt",
                "transcript_identification/homer/cd4_tagdir/tagInfo.txt",
                "transcript_identification/homer/cd4_tagdir/tagLengthDistribution.txt",
                "transcript_identification/homer/jurkat.bed",
                "transcript_identification/homer/jurkat.bedGraph.gz",
                "transcript_identification/homer/jurkat.peaks.txt",
                "transcript_identification/homer/jurkat_tagdir",
                "transcript_identification/homer/jurkat_tagdir/chr21.tags.tsv",
                "transcript_identification/homer/jurkat_tagdir/genomeGCcontent.txt",
                "transcript_identification/homer/jurkat_tagdir/tagAutocorrelation.txt",
                "transcript_identification/homer/jurkat_tagdir/tagCountDistribution.txt",
                "transcript_identification/homer/jurkat_tagdir/tagFreq.txt",
                "transcript_identification/homer/jurkat_tagdir/tagFreqUniq.txt",
                "transcript_identification/homer/jurkat_tagdir/tagGCcontent.txt",
                "transcript_identification/homer/jurkat_tagdir/tagInfo.txt",
                "transcript_identification/homer/jurkat_tagdir/tagLengthDistribution.txt",
                "transcript_identification/homer/versions.yml",
                "transcript_identification/intersect",
                "transcript_identification/intersect/cd4_intersect.bed",
                "transcript_identification/intersect/jurkat_intersect.bed",
                "transcript_identification/merged",
                "transcript_identification/merged/cd4_merged.bed",
                "transcript_identification/merged/jurkat_merged.bed",
                "transcript_identification/pints",
                "transcript_identification/pints/cd4_chr21_1_unidirectional_peaks.bed",
                "transcript_identification/pints/jurkat_chr21_1_unidirectional_peaks.bed"
            ],
            [
                "cd4_intersect.saf:md5,2528ed58898f6e1f9d3d54fc1381c4c6",
                "cd4.bed:md5,26765aa153cb1d6bb668f5786da5763e",
                "jurkat.bed:md5,15a3bec7a3ffb53c1e621665b3f45873",
                "cd4_REP1.dreg.bedGraph:md5,6ecfb93ba1a56308ce7d3c4703e0e5e3",
                "cd4_REP1.minus.bedGraph:md5,9e07f1d5637b2193f55da08d6877bd93",
                "cd4_REP1.minus.bigWig:md5,fa4743c954c2d96c38d1d53511ebf647",
                "cd4_REP1.plus.bedGraph:md5,c111dc157dc7ecd53e7f6b8ce8d5ccc0",
                "cd4_REP1.plus.bigWig:md5,37f187a2a476cba99a00ab7683079f84",
                "cd4_REP2.dreg.bedGraph:md5,949a822bee0b968f118fb4d2d0fcf251",
                "cd4_REP2.minus.bedGraph:md5,d0bdd2bf54e343a00d620d41da32e2f3",
                "cd4_REP2.minus.bigWig:md5,9f8cb0bdf31650b1af341b5522cf7634",
                "cd4_REP2.plus.bedGraph:md5,268311481da2d62204f71a1a8bc5d43b",
                "cd4_REP2.plus.bigWig:md5,4f5f27b5e3258ebf2ee7bf1f8fe17357",
                "jurkat.dreg.bedGraph:md5,9a2a287e9d8e73185d5754442051055b",
                "jurkat.minus.bedGraph:md5,964feef1a4988cbf900840fa572a676e",
                "jurkat.minus.bigWig:md5,172ea254e30275889eb94a2f2f7f04cf",
                "jurkat.plus.bedGraph:md5,198a0f027ca6799ecc74196232402c81",
                "jurkat.plus.bigWig:md5,0bd721f298a8dde14ffdbda6db303f93",
                "cd4_REP1.trimmed.fastp.json:md5,bd9a3344c1591d6be4d524451f9dca53",
                "cd4_REP2.trimmed.fastp.json:md5,bc6e3f9ff7835f220535cc393b8eb25f",
                "jurkat.trimmed.fastp.json:md5,65f7247a87479c7157c7357d575336e2",
                "cd4_REP1.DupRate_plot.r:md5,a33f83aef06fa207ac55b8002741aff7",
                "cd4_REP2.DupRate_plot.r:md5,834a386b72bab13bfb9678ebb09d814e",
                "jurkat.DupRate_plot.r:md5,eb8151edec9ac1e29b5a579cfdb45a0d",
                "cd4_REP1.pos.DupRate.xls:md5,251ff0f73b7a2d98894fcaaf763a9059",
                "cd4_REP1.seq.DupRate.xls:md5,fb59902a9ab77c1859a48bd763578560",
                "cd4_REP2.pos.DupRate.xls:md5,f784231fb3973ec46c0996d4ba2f9591",
                "cd4_REP2.seq.DupRate.xls:md5,6c00870ce14b0383bdccd352d7c6012a",
                "jurkat.pos.DupRate.xls:md5,0937fe59aa436407b807660978c4423e",
                "jurkat.seq.DupRate.xls:md5,ef59a2a23975a1a3aa2770ca8525ac51",
                "jurkat.flagstat:md5,2e10f27f80137c7ca4d340f110aa8fcf",
                "jurkat.idxstats:md5,8e38ac91c083ef3c5cf77ba782b836a5",
                "jurkat.stats:md5,46d40815316f079c846963982c0f7d3d",
                "cd4_REP1.Log.final.out:md5,8e0981befb7402b9bc607f3dddf204db",
                "cd4_REP1.Log.out:md5,f3ca8f5da8965b2948820fd3ae073085",
                "cd4_REP1.Log.progress.out:md5,ed4b1af569321298d22fcac7ae27dc0c",
                "cd4_REP1.SJ.out.tab:md5,991ac1fa28719c078a4827fcf66e90b0",
                "cd4_REP2.Log.final.out:md5,60ad4e0c6bc9d79087e5a3c7309971c5",
                "cd4_REP2.Log.out:md5,1e35e7c52a927a4f7c53a00fae53ebac",
                "cd4_REP2.Log.progress.out:md5,196fc939a0e2772c286bf3b590e03c0e",
                "cd4_REP2.SJ.out.tab:md5,5accd405e613d28731f111dfd070a3ba",
                "jurkat.Log.final.out:md5,8822310368a9f97bf993ea75b4b1b4e2",
                "jurkat.Log.out:md5,fd0c47aeb138147baaf0e73feb906845",
                "jurkat.Log.progress.out:md5,1646f19dcabd4b7b7dd62da5fff98d57",
                "jurkat.SJ.out.tab:md5,8e5de2dc83e2478528528a86a2ffd456",
                "cd4_REP1.sorted.bam.flagstat:md5,6379888a79d90e28dd969e21f7b03a33",
                "cd4_REP1.sorted.bam.idxstats:md5,65e8e2d1ed65620f9750f2981e997a9d",
                "cd4_REP1.sorted.bam.stats:md5,bec325c0cd30bafd9758c0535f99cf49",
                "cd4_REP2.sorted.bam.flagstat:md5,ab83e3fbca17cf463fc5293a82e4bb3a",
                "cd4_REP2.sorted.bam.idxstats:md5,9cdf3dd50a9862a02592c3768071fe32",
                "cd4_REP2.sorted.bam.stats:md5,c7a92c340bb5735414d035da30b9b53f",
                "jurkat.sorted.bam.flagstat:md5,b5f1d127de493e406882aced667210c9",
                "jurkat.sorted.bam.idxstats:md5,5e4a68fda75c954324d659af58d12c62",
                "jurkat.sorted.bam.stats:md5,0b7a4d6e0823d159ab2d9cdc1b2c8310",
                "Genome:md5,612664e3cfde5e1b73ad541d93752b31",
                "Log.out:md5,bf16bc06b62351e1fab8e5bca0bd5ec7",
                "SA:md5,074ae54177bb7b9cb981382f043f36e5",
                "SAindex:md5,1c9cd646313f1abb1cfc205ccab73464",
                "exonGeTrInfo.tab:md5,ea42dd46e177f95a72a8f6a2925f7348",
                "exonInfo.tab:md5,42a3ce2024f396b2298c0a84b07fb6e4",
                "geneInfo.tab:md5,d0092fb1ea6fcdac270c4df788de70fb",
                "sjdbList.fromGTF.out.tab:md5,5d9761b49920fb70a77d74e390d196b9",
                "sjdbList.out.tab:md5,766fbca932681f8666b3a9e5fb3640bd",
                "transcriptInfo.tab:md5,21c1f470ffe3b55b23900e7b7eaec2f4",
                "cd4_filtered.bed:md5,57cde1c26fabdc9c416326ba825b3f15",
                "jurkat_filtered.bed:md5,95a5279ec2387dfa0b4c2e7820083527",
                "cd4.bed:md5,28eafdfa41f98475e5e651fd0e8f95f2",
                "chr21.tags.tsv:md5,7f133ee4d24c534ca46c67a965cc7ff8",
                "jurkat.bed:md5,7e59345b336cc8a9c5f96bf7df7b3d06",
                "chr21.tags.tsv:md5,c71046d9c6fb1651a802bb7079fe2093",
                "versions.yml:md5,7c0dcd0a18b3c753def73b96cb825792",
                "cd4_intersect.bed:md5,a5d31a685d89293ae64daff9a9054568",
                "jurkat_intersect.bed:md5,d41d8cd98f00b204e9800998ecf8427e",
                "cd4_merged.bed:md5,07860f90354c4f5f66eddbed3e5d3bd2",
                "jurkat_merged.bed:md5,95a5279ec2387dfa0b4c2e7820083527",
                "cd4_chr21_1_unidirectional_peaks.bed:md5,26765aa153cb1d6bb668f5786da5763e",
                "jurkat_chr21_1_unidirectional_peaks.bed:md5,15a3bec7a3ffb53c1e621665b3f45873"
            ]
        ],
        "meta": {
            "nf-test": "0.9.2",
            "nextflow": "24.10.2"
        },
        "timestamp": "2024-12-16T02:38:39.216287268"
    },
    "gzip_software_versions": {
        "content": [
            {
                "BBMAP_PILEUP": {
                    "bbmap": 39.01,
                    "samtools": "1.16.1",
                    "pigz": 2.6
                },
                "BEDTOOLS_GENOMECOV_MINUS": {
                    "bedtools": "2.31.1"
                },
                "BEDTOOLS_GENOMECOV_PLUS": {
                    "bedtools": "2.31.1"
                },
                "BEDTOOLS_INTERSECT": {
                    "bedtools": "2.31.1"
                },
                "BEDTOOLS_INTERSECT_FILTER": {
                    "bedtools": "2.31.1"
                },
                "BEDTOOLS_MERGE": {
                    "bedtools": "2.31.1"
                },
                "BEDTOOLS_SORT": {
                    "bedtools": "2.31.1"
                },
                "CAT_CAT": {
                    "pigz": "2.3.4"
                },
                "CUSTOM_GETCHROMSIZES": {
                    "getchromsizes": 1.2
                },
                "DEEPTOOLS_BAMCOVERAGE_MINUS": {
                    "deeptools": "3.5.1"
                },
                "DEEPTOOLS_BAMCOVERAGE_PLUS": {
                    "deeptools": "3.5.1"
                },
                "FASTP": {
                    "fastp": "0.23.4"
                },
                "FASTQC": {
                    "fastqc": "0.12.1"
                },
                "GTF2BED": {
                    "perl": "5.26.2"
                },
                "GUNZIP_GTF": {
                    "gunzip": 1.1
                },
                "HOMER_MAKETAGDIRECTORY": {
                    "homer": 4.11,
                    "samtools": 1.21
                },
                "PINTS_CALLER": {
                    "python": "3.12.6",
                    "pints": "1.1.13"
                },
                "PRESEQ_CCURVE": {
                    "preseq": "3.1.1"
                },
                "PRESEQ_LCEXTRAP": {
                    "preseq": "3.1.1"
                },
                "RSEQC_INFEREXPERIMENT": {
                    "rseqc": "5.0.2"
                },
                "RSEQC_READDISTRIBUTION": {
                    "rseqc": "5.0.2"
                },
                "RSEQC_READDUPLICATION": {
                    "rseqc": "5.0.2"
                },
                "SAMTOOLS_MERGE": {
                    "samtools": 1.21
                },
                "SUBREAD_FEATURECOUNTS_GENE": {
                    "subread": "2.0.1"
                },
                "SUBREAD_FEATURECOUNTS_PREDICTED": {
                    "subread": "2.0.1"
                },
                "Workflow": {
                    "nf-core/nascent": "v2.3.0dev"
                }
            }
        ],
        "meta": {
            "nf-test": "0.9.2",
            "nextflow": "24.10.1"
        },
        "timestamp": "2024-11-25T21:02:16.63526"
    }
}